main.c:317:23:alloc_Tb5962wdormab5699i0rs.part.1	0	static
main.c:349:23:alloc_Ta1u8scjvf3cx6om5jycf.part.2	0	static
main.c:379:23:alloc_Tc32bmrsap6mnld2s258n.part.3	0	static
main.c:145:5:F4m25g1n2woa7xoxoidr3	0	static
main.c:148:5:F7ypop7cu2sjjpmfzr5d5	0	static
main.c:151:5:F6v0h26g3fv3s9ghjwj6a	4	static
main.c:159:5:Fdeukyr9ml9ez9g52uobw	0	static
main.c:162:5:F9lhpsb0uo34ghb8zz5s7	0	static
main.c:165:5:F5vx531zkrp03dzfx4mk4	0	static
main.c:168:5:Fb87j82sc443qdawnxfh8	0	static
main.c:171:5:Famz92ua56y1ry9z9skzh	0	static
main.c:174:5:F4ni4ccov5sabj7z1lcmh	0	static
main.c:177:5:F2xg7jdduqyhyqfdvuhbo	0	static
main.c:180:5:Faqpxmveju6y1771adssa	0	static
main.c:183:5:Fcfcsnx67zcq8giwuz5qy	0	static
main.c:186:5:F9ouvd37ekltejskw8o8f	0	static
main.c:189:5:Fc29ftd90y2kblwvoqqr7	0	static
main.c:192:5:F1qmhikpkbwhh76cy439q	0	static
main.c:195:5:F51nbxxy5vn3k0p7i19u7	0	static
main.c:198:5:F787rduujj1qja2tnxy3q	0	static
main.c:201:5:F40d0r2jofw08t9g2ijyv	0	static
main.c:204:5:F2xxqp0hjydpxdm3zopap	0	static
main.c:207:5:Fbwtc1q8tiqsdvequikp9	0	static
main.c:210:5:F5kyywjiytqfmu7bn920z	0	static
main.c:213:5:Ff1847y8cw5i7p76l1vt3	0	static
main.c:216:5:Ff2f1sbohxibo0b7l2xna	0	static
main.c:219:5:F86kxgi0n1mhhh50q26hi	0	static
main.c:222:5:F3vzinejd7m494huut258	0	static
main.c:225:5:F7mmbdc52hh40qwlnonbb	0	static
main.c:228:5:Fb2j79ixwj3w8aiwmfh1j	0	static
main.c:231:5:F2fzg7013ee3x4dkjhqzw	0	static
main.c:234:5:Fb6kbz704d7ij8itx0rrh	0	static
main.c:237:5:F2vqwl4t48blvtvj36uhl	0	static
main.c:240:5:F59ufm6h935d7mzwm20iw	0	static
main.c:243:5:F91d3zeba5r59pwoa036n	0	static
main.c:246:5:F4r2tiaxica17080c90f9	0	static
main.c:249:5:F6bht5gly3gqj50lqir1o	0	static
main.c:252:5:Feoq3lsjvnk6tt13wfdey	0	static
main.c:255:5:F6wwwyk5n3j24zvatuudr	0	static
main.c:258:5:Fazos5a3n6pv2913h6mf9	0	static
main.c:261:5:Fdg5x2hhfuszjk61tbut6	0	static
main.c:264:5:F30gi96ldylqhvy1xt6qd	0	static
main.c:267:5:F5kfczqbb4c3xpdwv61bk	0	static
main.c:270:5:Fbi05j8ttzzgp5o495yty	0	static
main.c:273:5:Fay9lini4mx757zztpg2u	0	static
main.c:276:5:Fen1cdmwpjfcrngre6unp	0	static
main.c:279:5:F8j6c5awlga0gl0zrscdu	0	static
main.c:282:5:Fcbm2klp1r5cqy4dftkaq	0	static
main.c:285:5:Fecqq7ylyjn8yctw74kui	0	static
main.c:288:5:F3he7krablb86dgv5bek5	0	static
main.c:291:5:Fb4r09y0n0jw7f5g0tq2u	0	static
main.c:294:5:F5og37em0n795t9unsbh4	0	static
main.c:297:5:Fbtfy6tj0dljr4934811r	0	static
main.c:300:5:F16d6mgqbs2ezynn23xod	0	static
main.c:303:5:F3m1k1mo6hwit0x3rzx0s	0	static
main.c:306:5:Fb3qwyv9oed9ph4ydi6ur	0	static
main.c:317:23:alloc_Tb5962wdormab5699i0rs	0	static
main.c:309:23:VC_Vf27ho673q8e6yklxs5k9	6	static
main.c:118:23:F64weyjitjkzremav91g0	0	static
main.c:328:5:mark_Tb5962wdormab5699i0rs	0	static
main.c:349:23:alloc_Ta1u8scjvf3cx6om5jycf	0	static
main.c:332:23:VC_V99d38093lck6m067zm28	0	static
main.c:337:23:VC_V89rjm91xkvq7sw790afx	2	static
main.c:343:23:VC_V9dwunlv0175cglfxqf9u	2	static
main.c:142:23:Fajdernu9or0o1ycqw9br	0	static
main.c:360:5:mark_Ta1u8scjvf3cx6om5jycf	0	static
main.c:379:23:alloc_Tc32bmrsap6mnld2s258n	0	static
main.c:370:23:VC_V3b2ey1guqhh8zenqnw2u	8	static
main.c:128:23:Fd92gtf9mqh5tsfbnm5f1	8	static
main.c:390:5:mark_Tc32bmrsap6mnld2s258n	0	static
main.c:394:5:main	8	static
